Copyright 1986-2015 Xilinx, Inc. All Rights Reserved.
------------------------------------------------------------------------------------
| Tool Version : Vivado v.2015.2 (win64) Build 1266856 Fri Jun 26 16:35:25 MDT 2015
| Date         : Mon Sep 28 23:41:02 2015
| Host         : IanMcElhenny-PC running 64-bit major release  (build 9200)
| Command      : report_control_sets -verbose -file Top_control_sets_placed.rpt
| Design       : Top
| Device       : xc7a100t
------------------------------------------------------------------------------------

Control Set Information

Table of Contents
-----------------
1. Summary
2. Flip-Flop Distribution
3. Detailed Control Set Information

1. Summary
----------

+-------------------------------------------------------------------+-------+
|                               Status                              | Count |
+-------------------------------------------------------------------+-------+
| Number of unique control sets                                     |    21 |
| Minimum Number of register sites lost to control set restrictions |    68 |
+-------------------------------------------------------------------+-------+


2. Flip-Flop Distribution
-------------------------

+--------------+-----------------------+------------------------+-----------------+--------------+
| Clock Enable | Synchronous Set/Reset | Asynchronous Set/Reset | Total Registers | Total Slices |
+--------------+-----------------------+------------------------+-----------------+--------------+
| No           | No                    | No                     |             105 |           32 |
| No           | No                    | Yes                    |               0 |            0 |
| No           | Yes                   | No                     |               0 |            0 |
| Yes          | No                    | No                     |              32 |            8 |
| Yes          | No                    | Yes                    |              11 |            3 |
| Yes          | Yes                   | No                     |               0 |            0 |
+--------------+-----------------------+------------------------+-----------------+--------------+


3. Detailed Control Set Information
-----------------------------------

+-----------------------------------+----------------------------------+------------------+------------------+----------------+
|            Clock Signal           |           Enable Signal          | Set/Reset Signal | Slice Load Count | Bel Load Count |
+-----------------------------------+----------------------------------+------------------+------------------+----------------+
|  sequencer_map/led151_out         |                                  |                  |                1 |              1 |
|  sequencer_map/LED7_reg_i_2_n_0   |                                  |                  |                1 |              1 |
|  sequencer_map/AN[5]_0            |                                  |                  |                1 |              1 |
|  sequencer_map/flag_0_reg_i_2_n_0 |                                  |                  |                1 |              2 |
|  divider_map/O34[0]               |                                  |                  |                1 |              3 |
|  sequencer_map/SEG[2]_7[0]        |                                  |                  |                1 |              4 |
|  sequencer_map/SEG[2]_6[0]        |                                  |                  |                1 |              4 |
|  sequencer_map/SEG[2]_4[0]        |                                  |                  |                1 |              4 |
|  sequencer_map/SEG[2]_3[0]        |                                  |                  |                1 |              4 |
|  sequencer_map/SEG[2]_5[0]        |                                  |                  |                1 |              4 |
|  sequencer_map/SEG[2]_2[0]        |                                  |                  |                1 |              4 |
|  CLK_OUT_SLOW_BUFG                | sequencer_map/state_counter0     | BTNC_IBUF        |                2 |              5 |
|  CLK_OUT_SLOW_BUFG                | sequencer_map/counter_for_logic0 | BTNC_IBUF        |                1 |              6 |
|  sequencer_map/E[0]               |                                  |                  |                2 |              6 |
|  sequencer_map/SEG[2]_9[0]        |                                  |                  |                2 |              8 |
|  sequencer_map/SEG[2]_8[0]        |                                  |                  |                3 |              8 |
|  sequencer_map/SEG[2]_12[0]       |                                  |                  |                2 |              8 |
|  sequencer_map/SEG[2]_11[0]       |                                  |                  |                3 |              8 |
|  sequencer_map/SEG[2]_10[0]       |                                  |                  |                2 |              8 |
|  CLK_IN_IBUF_BUFG                 |                                  |                  |                7 |             27 |
|  CLK_OUT_SLOW_BUFG                | logic_map/review[0]_i_1_n_0      |                  |                8 |             32 |
+-----------------------------------+----------------------------------+------------------+------------------+----------------+


