Copyright 1986-2015 Xilinx, Inc. All Rights Reserved.
--------------------------------------------------------------------------------------
| Tool Version : Vivado v.2015.2 (win64) Build 1266856 Fri Jun 26 16:35:25 MDT 2015
| Date         : Sun Nov 29 15:55:23 2015
| Host         : Austin-MBP running 64-bit major release  (build 9200)
| Command      : report_control_sets -verbose -file Final_top_control_sets_placed.rpt
| Design       : Final_top
| Device       : xc7a100t
--------------------------------------------------------------------------------------

Control Set Information

Table of Contents
-----------------
1. Summary
2. Flip-Flop Distribution
3. Detailed Control Set Information

1. Summary
----------

+-------------------------------------------------------------------+-------+
|                               Status                              | Count |
+-------------------------------------------------------------------+-------+
| Number of unique control sets                                     |    34 |
| Minimum Number of register sites lost to control set restrictions |   180 |
+-------------------------------------------------------------------+-------+


2. Flip-Flop Distribution
-------------------------

+--------------+-----------------------+------------------------+-----------------+--------------+
| Clock Enable | Synchronous Set/Reset | Asynchronous Set/Reset | Total Registers | Total Slices |
+--------------+-----------------------+------------------------+-----------------+--------------+
| No           | No                    | No                     |              90 |           36 |
| No           | No                    | Yes                    |              13 |           13 |
| No           | Yes                   | No                     |              19 |           10 |
| Yes          | No                    | No                     |              26 |           13 |
| Yes          | No                    | Yes                    |               0 |            0 |
| Yes          | Yes                   | No                     |               0 |            0 |
+--------------+-----------------------+------------------------+-----------------+--------------+


3. Detailed Control Set Information
-----------------------------------

+------------------------------------------+---------------------------------------------------+-----------------------------------------+------------------+----------------+
|               Clock Signal               |                   Enable Signal                   |             Set/Reset Signal            | Slice Load Count | Bel Load Count |
+------------------------------------------+---------------------------------------------------+-----------------------------------------+------------------+----------------+
|  SPI_state_clk_map/SPI_CLK               |                                                   | ADXL_com_map/serial_register_reg[2]_P   |                1 |              1 |
|  CLK_IN_IBUF_BUFG                        |                                                   |                                         |                1 |              1 |
|  SPI_state_clk_map/SPI_CLK               |                                                   | ADXL_com_map/serial_register_reg[6]_P   |                1 |              1 |
|  SPI_state_clk_map/SPI_CLK               |                                                   | ADXL_com_map/serial_register_reg[6]_C   |                1 |              1 |
|  SPI_state_clk_map/SPI_CLK               |                                                   | ADXL_com_map/serial_register_reg[5]_P   |                1 |              1 |
|  SPI_state_clk_map/SPI_CLK               |                                                   | ADXL_com_map/serial_register_reg[5]_C   |                1 |              1 |
|  SPI_state_clk_map/SPI_CLK               |                                                   | ADXL_com_map/serial_register_reg[3]_P   |                1 |              1 |
|  SPI_state_clk_map/SPI_CLK               |                                                   | ADXL_com_map/serial_register_reg[3]_C   |                1 |              1 |
|  SPI_state_clk_map/SPI_CLK               |                                                   | ADXL_com_map/serial_register_reg[2]_C   |                1 |              1 |
|  SPI_state_clk_map/SPI_CLK               |                                                   | ADXL_com_map/serial_register_reg[1]_P_0 |                1 |              1 |
|  SPI_state_clk_map/SPI_CLK               |                                                   | ADXL_com_map/serial_register_reg[1]_C   |                1 |              1 |
|  SPI_state_clk_map/SPI_CLK               |                                                   | ADXL_com_map/serial_register_reg[0]_C   |                1 |              1 |
|  ADXL_com_map/serial_register_reg[6]_P   |                                                   | ADXL_com_map/serial_register_reg[6]_C   |                1 |              1 |
|  ADXL_com_map/serial_register_reg[5]_P   |                                                   | ADXL_com_map/serial_register_reg[5]_C   |                1 |              1 |
|  ADXL_com_map/serial_register_reg[3]_P   |                                                   | ADXL_com_map/serial_register_reg[3]_C   |                1 |              1 |
|  ADXL_com_map/serial_register_reg[2]_P   |                                                   | ADXL_com_map/serial_register_reg[2]_C   |                1 |              1 |
|  ADXL_com_map/serial_register_reg[1]_P_0 |                                                   | ADXL_com_map/serial_register_reg[1]_C   |                1 |              1 |
|  ADXL_com_map/serial_register_reg[1]_P   |                                                   | ADXL_com_map/serial_register_reg[0]_C   |                1 |              1 |
|  Disp1_reg[0]_i_1_n_0                    |                                                   |                                         |                1 |              2 |
|  SPI_state_clk_map/TX_DONE_reg_i_2_n_0   |                                                   |                                         |                2 |              2 |
|  SPI_state_clk_map/SPI_CLK               |                                                   | ADXL_com_map/LOAD_ENABLE                |                2 |              2 |
|  Read_fsm_map/SAVE_DATA                  |                                                   |                                         |                1 |              2 |
|  divider_map/CLK_200KHz                  | Read_fsm_map/FSM_sequential_state[3]_i_1__0_n_0   |                                         |                3 |              4 |
|  divider_map/CLK_200KHz                  | ADXL_com_map/FSM_sequential_state[3]_i_1__2_n_0   |                                         |                1 |              4 |
|  divider_map/CLK_200KHz                  |                                                   |                                         |                3 |              5 |
|  divider_map/CLK_200KHz                  | SPI_state_clk_map/FSM_sequential_state[4]_i_1_n_0 |                                         |                2 |              5 |
|  divider_map/CLK_200KHz                  | Config_map/FSM_sequential_state[4]_i_1__0_n_0     |                                         |                4 |              5 |
|  Read_fsm_map/SAVE_DATA                  | Angle_map/y_average                               |                                         |                3 |              8 |
|  SPI_state_clk_map/SPI_CLK               |                                                   |                                         |                5 |              9 |
|  CLK_IN_IBUF_BUFG                        |                                                   | divider_map/counter50Hz[0]_i_1_n_0      |                4 |             13 |
|  ADXL_com_map/Disp3_reg[3]_i_2_n_0       |                                                   |                                         |                5 |             14 |
|  Read_fsm_map/Disp4_reg[3]_i_2_n_0       |                                                   |                                         |                5 |             15 |
|  Config_map/Disp2_reg[3]_i_2_n_0         |                                                   |                                         |                6 |             18 |
|  p_3_out[7]                              |                                                   |                                         |                8 |             23 |
+------------------------------------------+---------------------------------------------------+-----------------------------------------+------------------+----------------+


