#-----------------------------------------------------------
# Vivado v2015.2 (64-bit)
# SW Build 1266856 on Fri Jun 26 16:35:25 MDT 2015
# IP Build 1264090 on Wed Jun 24 14:22:01 MDT 2015
# Start of session at: Thu Oct 22 15:10:19 2015
# Process ID: 11728
# Log file: C:/Users/Austin/Documents/CEC330/Lab_6/vivado.log
# Journal file: C:/Users/Austin/Documents/CEC330/Lab_6\vivado.jou
#-----------------------------------------------------------
start_gui
open_project C:/Users/Austin/Documents/CEC330/Lab_6/Lab_6.xpr
update_compile_order -fileset sources_1
update_compile_order -fileset sim_1
update_compile_order -fileset sources_1
close [ open C:/Users/Austin/Documents/CEC330/Lab_6/Lab_6.srcs/sources_1/new/Seven_seg_driver.vhd w ]
add_files C:/Users/Austin/Documents/CEC330/Lab_6/Lab_6.srcs/sources_1/new/Seven_seg_driver.vhd
update_compile_order -fileset sources_1
update_compile_order -fileset sources_1
close [ open C:/Users/Austin/Documents/CEC330/Lab_6/Lab_6.srcs/sources_1/new/Binary_to_decimal.vhd w ]
add_files C:/Users/Austin/Documents/CEC330/Lab_6/Lab_6.srcs/sources_1/new/Binary_to_decimal.vhd
update_compile_order -fileset sources_1
update_compile_order -fileset sources_1
update_compile_order -fileset sources_1
