Copyright 1986-2015 Xilinx, Inc. All Rights Reserved.
---------------------------------------------------------------------------------------
| Tool Version : Vivado v.2015.2 (win64) Build 1266856 Fri Jun 26 16:35:25 MDT 2015
| Date         : Thu Nov 12 19:42:39 2015
| Host         : Austin-MBP running 64-bit major release  (build 9200)
| Command      : report_control_sets -verbose -file Top_serial_control_sets_placed.rpt
| Design       : Top_serial
| Device       : xc7a100t
---------------------------------------------------------------------------------------

Control Set Information

Table of Contents
-----------------
1. Summary
2. Flip-Flop Distribution
3. Detailed Control Set Information

1. Summary
----------

+-------------------------------------------------------------------+-------+
|                               Status                              | Count |
+-------------------------------------------------------------------+-------+
| Number of unique control sets                                     |    14 |
| Minimum Number of register sites lost to control set restrictions |    57 |
+-------------------------------------------------------------------+-------+


2. Flip-Flop Distribution
-------------------------

+--------------+-----------------------+------------------------+-----------------+--------------+
| Clock Enable | Synchronous Set/Reset | Asynchronous Set/Reset | Total Registers | Total Slices |
+--------------+-----------------------+------------------------+-----------------+--------------+
| No           | No                    | No                     |              27 |           19 |
| No           | No                    | Yes                    |               0 |            0 |
| No           | Yes                   | No                     |              27 |            9 |
| Yes          | No                    | No                     |              13 |            7 |
| Yes          | No                    | Yes                    |               4 |            2 |
| Yes          | Yes                   | No                     |               0 |            0 |
+--------------+-----------------------+------------------------+-----------------+--------------+


3. Detailed Control Set Information
-----------------------------------

+-------------------------------+------------------------------------+--------------------------------------+------------------+----------------+
|          Clock Signal         |            Enable Signal           |           Set/Reset Signal           | Slice Load Count | Bel Load Count |
+-------------------------------+------------------------------------+--------------------------------------+------------------+----------------+
|  saved_data                   |                                    | SPI_map/TX_DONE                      |                1 |              1 |
|  SPI_map/p_2_out[0]           |                                    |                                      |                1 |              1 |
|  SPI_map/TX_DONE0_out         |                                    |                                      |                1 |              1 |
|  SPI_map/LED8_reg_i_2_n_0     |                                    |                                      |                1 |              1 |
|  CLK_IN_IBUF_BUFG             |                                    |                                      |                2 |              2 |
|  saved_data_reg_i_1_n_0       |                                    |                                      |                1 |              3 |
|  divider_map/clk_out50Hz      |                                    |                                      |                3 |              3 |
|  divider_map/CLK_OUT_100KHz   | tx_enable                          | SPI_map/spi_counter[3]_i_2_n_0       |                2 |              4 |
|  CLK_IN_IBUF_BUFG             | SPI_map/E[0]                       |                                      |                2 |              5 |
|  FSM_onehot_state_reg_n_0_[1] |                                    |                                      |                4 |              8 |
|  divider_map/CLK_OUT_100KHz   | SPI_map/serial_register[7]_i_1_n_0 |                                      |                5 |              8 |
|  SPI_map/TX_DONE              |                                    |                                      |                6 |              8 |
|  CLK_IN_IBUF_BUFG             |                                    | divider_map/counter50Hz[0]_i_1_n_0   |                4 |             13 |
|  CLK_IN_IBUF_BUFG             |                                    | divider_map/counter100KHz[0]_i_1_n_0 |                4 |             13 |
+-------------------------------+------------------------------------+--------------------------------------+------------------+----------------+


